2026-10-05 14:46:31.570 xcodebuild[42895:14252585] [MT] DVTPlugInLoading: Failed to load code for plug-in com.apple.dt.DVTCoreDeviceCore (/Applications/Xcode.app/Contents/SharedFrameworks/DVTCoreDeviceCore.framework), error = Error Domain=NSCocoaErrorDomain Code=3588 "dlopen(/Applications/Xcode.app/Contents/SharedFrameworks/DVTCoreDeviceCore.framework/DVTCoreDeviceCore, 0x0109): Symbol not found: _$s10CoreDevice17DetailedOperationC7metricsSDySSAA12CodableValueOGvg
  Referenced from: <E47C0F61-0399-382B-A241-7222F33F774E> /Applications/Xcode.app/Contents/SharedFrameworks/DVTCoreDeviceCore.framework/Versions/A/DVTCoreDeviceCore
  Expected in:     <BF770DE4-8425-37CA-99BB-029235010A99> /Library/Developer/PrivateFrameworks/CoreDevice.framework/Versions/A/CoreDevice" UserInfo={NSLocalizedFailureReason=The bundle couldn’t be loaded., NSLocalizedRecoverySuggestion=Try reinstalling the bundle., NSFilePath=/Applications/Xcode.app/Contents/SharedFrameworks/DVTCoreDeviceCore.framework/DVTCoreDeviceCore, NSDebugDescription=dlopen(/Applications/Xcode.app/Contents/SharedFrameworks/DVTCoreDeviceCore.framework/DVTCoreDeviceCore, 0x0109): Symbol not found: _$s10CoreDevice17DetailedOperationC7metricsSDySSAA12CodableValueOGvg
  Referenced from: <E47C0F61-0399-382B-A241-7222F33F774E> /Applications/Xcode.app/Contents/SharedFrameworks/DVTCoreDeviceCore.framework/Versions/A/DVTCoreDeviceCore
  Expected in:     <BF770DE4-8425-37CA-99BB-029235010A99> /Library/Developer/PrivateFrameworks/CoreDevice.framework/Versions/A/CoreDevice, NSBundlePath=/Applications/Xcode.app/Contents/SharedFrameworks/DVTCoreDeviceCore.framework, NSLocalizedDescription=The bundle “DVTCoreDeviceCore” couldn’t be loaded.}, dyldError = dlopen(/Applications/Xcode.app/Contents/SharedFrameworks/DVTCoreDeviceCore.framework/DVTCoreDeviceCore, 0x0000): Symbol not found: _$s10CoreDevice17DetailedOperationC7metricsSDySSAA12CodableValueOGvg
  Referenced from: <E47C0F61-0399-382B-A241-7222F33F774E> /Applications/Xcode.app/Contents/SharedFrameworks/DVTCoreDeviceCore.framework/Versions/A/DVTCoreDeviceCore
  Expected in:     <BF770DE4-8425-37CA-99BB-029235010A99> /Library/Developer/PrivateFrameworks/CoreDevice.framework/Versions/A/CoreDevice
2026-10-05 14:46:31.571 xcodebuild[42895:14252585] [MT] DVTPlugInExtensionFaulting: Failed to fire fault for extension Xcode.Device.CoreDevice: Error Domain=DVTPlugInErrorDomain Code=2 "Loading a plug-in failed." UserInfo={DVTPlugInIdentifierErrorKey=com.apple.dt.DVTCoreDeviceCore, DVTPlugInExecutablePathErrorKey=/Applications/Xcode.app/Contents/SharedFrameworks/DVTCoreDeviceCore.framework/DVTCoreDeviceCore, NSLocalizedRecoverySuggestion=The plug-in or one of its prerequisite plug-ins may be missing or damaged and may need to be reinstalled., DVTPlugInDYLDErrorMessageErrorKey=dlopen(/Applications/Xcode.app/Contents/SharedFrameworks/DVTCoreDeviceCore.framework/DVTCoreDeviceCore, 0x0000): Symbol not found: _$s10CoreDevice17DetailedOperationC7metricsSDySSAA12CodableValueOGvg
  Referenced from: <E47C0F61-0399-382B-A241-7222F33F774E> /Applications/Xcode.app/Contents/SharedFrameworks/DVTCoreDeviceCore.framework/Versions/A/DVTCoreDeviceCore
  Expected in:     <BF770DE4-8425-37CA-99BB-029235010A99> /Library/Developer/PrivateFrameworks/CoreDevice.framework/Versions/A/CoreDevice, NSLocalizedDescription=Loading a plug-in failed., NSFilePath=/Applications/Xcode.app/Contents/SharedFrameworks/DVTCoreDeviceCore.framework, NSLocalizedFailureReason=The plug-in “com.apple.dt.DVTCoreDeviceCore” at path “/Applications/Xcode.app/Contents/SharedFrameworks/DVTCoreDeviceCore.framework” could not be loaded.  The plug-in or one of its prerequisite plug-ins may be missing or damaged., NSUnderlyingError=0x801c86e50 {Error Domain=NSCocoaErrorDomain Code=3588 "dlopen(/Applications/Xcode.app/Contents/SharedFrameworks/DVTCoreDeviceCore.framework/DVTCoreDeviceCore, 0x0109): Symbol not found: _$s10CoreDevice17DetailedOperationC7metricsSDySSAA12CodableValueOGvg
  Referenced from: <E47C0F61-0399-382B-A241-7222F33F774E> /Applications/Xcode.app/Contents/SharedFrameworks/DVTCoreDeviceCore.framework/Versions/A/DVTCoreDeviceCore
  Expected in:     <BF770DE4-8425-37CA-99BB-029235010A99> /Library/Developer/PrivateFrameworks/CoreDevice.framework/Versions/A/CoreDevice" UserInfo={NSLocalizedFailureReason=The bundle couldn’t be loaded., NSLocalizedRecoverySuggestion=Try reinstalling the bundle., NSFilePath=/Applications/Xcode.app/Contents/SharedFrameworks/DVTCoreDeviceCore.framework/DVTCoreDeviceCore, NSDebugDescription=dlopen(/Applications/Xcode.app/Contents/SharedFrameworks/DVTCoreDeviceCore.framework/DVTCoreDeviceCore, 0x0109): Symbol not found: _$s10CoreDevice17DetailedOperationC7metricsSDySSAA12CodableValueOGvg
  Referenced from: <E47C0F61-0399-382B-A241-7222F33F774E> /Applications/Xcode.app/Contents/SharedFrameworks/DVTCoreDeviceCore.framework/Versions/A/DVTCoreDeviceCore
  Expected in:     <BF770DE4-8425-37CA-99BB-029235010A99> /Library/Developer/PrivateFrameworks/CoreDevice.framework/Versions/A/CoreDevice, NSBundlePath=/Applications/Xcode.app/Contents/SharedFrameworks/DVTCoreDeviceCore.framework, NSLocalizedDescription=The bundle “DVTCoreDeviceCore” couldn’t be loaded.}}}
2026-10-05 14:46:31.571 xcodebuild[42895:14252585] [MT] DVTAssertions: Warning in DVTFrameworks/DVTFoundation/Devices/DVTDevice.m:381
Details:  No locator class for device extension 'Xcode.Device.CoreDevice', error: Error Domain=DVTPlugInErrorDomain Code=2 "Loading a plug-in failed." UserInfo={DVTPlugInIdentifierErrorKey=com.apple.dt.DVTCoreDeviceCore, DVTPlugInExecutablePathErrorKey=/Applications/Xcode.app/Contents/SharedFrameworks/DVTCoreDeviceCore.framework/DVTCoreDeviceCore, NSLocalizedRecoverySuggestion=The plug-in or one of its prerequisite plug-ins may be missing or damaged and may need to be reinstalled., DVTPlugInDYLDErrorMessageErrorKey=dlopen(/Applications/Xcode.app/Contents/SharedFrameworks/DVTCoreDeviceCore.framework/DVTCoreDeviceCore, 0x0000): Symbol not found: _$s10CoreDevice17DetailedOperationC7metricsSDySSAA12CodableValueOGvg
  Referenced from: <E47C0F61-0399-382B-A241-7222F33F774E> /Applications/Xcode.app/Contents/SharedFrameworks/DVTCoreDeviceCore.framework/Versions/A/DVTCoreDeviceCore
  Expected in:     <BF770DE4-8425-37CA-99BB-029235010A99> /Library/Developer/PrivateFrameworks/CoreDevice.framework/Versions/A/CoreDevice, NSLocalizedDescription=Loading a plug-in failed., NSFilePath=/Applications/Xcode.app/Contents/SharedFrameworks/DVTCoreDeviceCore.framework, NSLocalizedFailureReason=The plug-in “com.apple.dt.DVTCoreDeviceCore” at path “/Applications/Xcode.app/Contents/SharedFrameworks/DVTCoreDeviceCore.framework” could not be loaded.  The plug-in or one of its prerequisite plug-ins may be missing or damaged., NSUnderlyingError=0x801c86e50 {Error Domain=NSCocoaErrorDomain Code=3588 "dlopen(/Applications/Xcode.app/Contents/SharedFrameworks/DVTCoreDeviceCore.framework/DVTCoreDeviceCore, 0x0109): Symbol not found: _$s10CoreDevice17DetailedOperationC7metricsSDySSAA12CodableValueOGvg
  Referenced from: <E47C0F61-0399-382B-A241-7222F33F774E> /Applications/Xcode.app/Contents/SharedFrameworks/DVTCoreDeviceCore.framework/Versions/A/DVTCoreDeviceCore
  Expected in:     <BF770DE4-8425-37CA-99BB-029235010A99> /Library/Developer/PrivateFrameworks/CoreDevice.framework/Versions/A/CoreDevice" UserInfo={NSLocalizedFailureReason=The bundle couldn’t be loaded., NSLocalizedRecoverySuggestion=Try reinstalling the bundle., NSFilePath=/Applications/Xcode.app/Contents/SharedFrameworks/DVTCoreDeviceCore.framework/DVTCoreDeviceCore, NSDebugDescription=dlopen(/Applications/Xcode.app/Contents/SharedFrameworks/DVTCoreDeviceCore.framework/DVTCoreDeviceCore, 0x0109): Symbol not found: _$s10CoreDevice17DetailedOperationC7metricsSDySSAA12CodableValueOGvg
  Referenced from: <E47C0F61-0399-382B-A241-7222F33F774E> /Applications/Xcode.app/Contents/SharedFrameworks/DVTCoreDeviceCore.framework/Versions/A/DVTCoreDeviceCore
  Expected in:     <BF770DE4-8425-37CA-99BB-029235010A99> /Library/Developer/PrivateFrameworks/CoreDevice.framework/Versions/A/CoreDevice, NSBundlePath=/Applications/Xcode.app/Contents/SharedFrameworks/DVTCoreDeviceCore.framework, NSLocalizedDescription=The bundle “DVTCoreDeviceCore” couldn’t be loaded.}}}
Object:   <DVTDevice>
Method:   +_knownDeviceLocators
Thread:   <_NSMainThread: 0x105309cd0>{number = 1, name = main}
Please file a bug at https://feedbackassistant.apple.com with this warning message and any useful information you can provide.
2026-10-05 14:46:31.573 xcodebuild[42895:14252588]  DVTErrorPresenter: Unable to load simulator devices.
Domain: DVTCoreSimulatorAdditionsErrorDomain
Code: 3
Failure Reason: The version of the CoreSimulator framework installed on this Mac is out-of-date and not supported by this version of Xcode.
Recovery Suggestion: Please ensure that you have installed all available updates to your Mac's software, and that you are running the most recent version of Xcode supported by macOS.
--
CoreSimulator is out of date. Current version (1051.55.0) is older than build version (1171.7.0).
Domain: DVTCoreSimulatorAdditionsErrorDomain
Code: 3
--

2026-10-05 14:46:31.573 xcodebuild[42895:14252588]  iOSSimulator: [SimServiceContext sharedServiceContextForDeveloperDir:error:] returned nil (Error Domain=DVTCoreSimulatorAdditionsErrorDomain Code=3 "CoreSimulator is out of date. Current version (1051.55.0) is older than build version (1171.7.0)." UserInfo={NSLocalizedDescription=CoreSimulator is out of date. Current version (1051.55.0) is older than build version (1171.7.0).}). Simulator device support disabled.
warning: Building targets in manual order is deprecated - check "Parallelize build for command-line builds" in the project editor, or set DISABLE_MANUAL_TARGET_ORDER_BUILD_WARNING in any of the targets in the current build to suppress this warning
note: Target dependency graph (2 targets)
    Target 'VST3' in project 'NeuralAmpModeler-macOS'
        ➜ Explicit dependency on target 'Update plists' in project 'NeuralAmpModeler-macOS'
    Target 'Update plists' in project 'NeuralAmpModeler-macOS' (no dependencies)
warning: LSMinimumSystemVersion of '10.15.0' is less than the value of MACOSX_DEPLOYMENT_TARGET '12.0' - setting to '12.0'. (in target 'VST3' from project 'NeuralAmpModeler-macOS')
In file included from /Users/marte/Code/nam_holdsworth/NeuralAmpModelerPlugin/NeuralAmpModeler/NeuralAmpModeler.cpp:12:
In file included from /Users/marte/Code/nam_holdsworth/NeuralAmpModelerPlugin/NeuralAmpModeler/../NeuralAmpModelerCore/NAM/activations.h:16:
../../iPlug2/Dependencies/Extras/nlohmann/json.hpp:24314:35: warning: identifier '_json' preceded by whitespace in a literal operator declaration is deprecated [-Wdeprecated-literal-operator]
 24314 | inline nlohmann::json operator "" _json(const char* s, std::size_t n)
       |                       ~~~~~~~~~~~~^~~~~
       |                       operator""_json
../../iPlug2/Dependencies/Extras/nlohmann/json.hpp:24322:49: warning: identifier '_json_pointer' preceded by whitespace in a literal operator declaration is deprecated [-Wdeprecated-literal-operator]
 24322 | inline nlohmann::json::json_pointer operator "" _json_pointer(const char* s, std::size_t n)
       |                                     ~~~~~~~~~~~~^~~~~~~~~~~~~
       |                                     operator""_json_pointer
../../iPlug2/Dependencies/Extras/nlohmann/json.hpp:24386:58: warning: identifier '_json' preceded by whitespace in a literal operator declaration is deprecated [-Wdeprecated-literal-operator]
 24386 |     using nlohmann::literals::json_literals::operator "" _json; // NOLINT(misc-unused-using-decls,google-global-names-in-headers)
       |                                              ~~~~~~~~~~~~^~~~~
       |                                              operator""_json
../../iPlug2/Dependencies/Extras/nlohmann/json.hpp:24387:58: warning: identifier '_json_pointer' preceded by whitespace in a literal operator declaration is deprecated [-Wdeprecated-literal-operator]
 24387 |     using nlohmann::literals::json_literals::operator "" _json_pointer; //NOLINT(misc-unused-using-decls,google-global-names-in-headers)
       |                                              ~~~~~~~~~~~~^~~~~~~~~~~~~
       |                                              operator""_json_pointer
In file included from /Users/marte/Code/nam_holdsworth/NeuralAmpModelerPlugin/NeuralAmpModeler/NeuralAmpModeler.cpp:17:
In file included from /Users/marte/Code/nam_holdsworth/NeuralAmpModelerPlugin/NeuralAmpModeler/NeuralAmpModeler.h:7:
/Users/marte/Code/nam_holdsworth/NeuralAmpModelerPlugin/NeuralAmpModeler/../AudioDSPTools/dsp/ResamplingContainer/ResamplingContainer.h:199:22: warning: implicit conversion loses integer precision: 'const size_t' (aka 'const unsigned long') to 'int' [-Wshorten-64-to-32]
  199 |         for (int i = populated2; i < nFrames; i++)
      |                  ~   ^~~~~~~~~~
In file included from /Users/marte/Code/nam_holdsworth/NeuralAmpModelerPlugin/NeuralAmpModeler/NeuralAmpModeler.cpp:17:
/Users/marte/Code/nam_holdsworth/NeuralAmpModelerPlugin/NeuralAmpModeler/NeuralAmpModeler.h:218:18: note: in instantiation of member function 'dsp::ResamplingContainer<double, 1>::ProcessBlock' requested here
  218 |       mResampler.ProcessBlock(input, output, num_frames, mBlockProcessFunc);
      |                  ^
In file included from /Users/marte/Code/nam_holdsworth/NeuralAmpModelerPlugin/NeuralAmpModeler/NeuralAmpModeler.cpp:17:
In file included from /Users/marte/Code/nam_holdsworth/NeuralAmpModelerPlugin/NeuralAmpModeler/NeuralAmpModeler.h:27:
../../iPlug2/IPlug/ISender.h:42:17: warning: first argument in call to 'memset' is a pointer to non-trivially copyable type 'value_type' (aka 'std::pair<float, float>') [-Wnontrivial-memcall]
   42 |     memset(vals.data(), 0, sizeof(vals));
      |                 ^
../../iPlug2/IPlug/ISender.h:81:29: note: in instantiation of member function 'iplug::ISenderData<1, std::pair<float, float>>::ISenderData' requested here
   81 |       ISenderData<MAXNC, T> d;
      |                             ^
/Users/marte/Code/nam_holdsworth/NeuralAmpModelerPlugin/NeuralAmpModeler/NeuralAmpModeler.cpp:654:16: note: in instantiation of member function 'iplug::ISender<1, 64, std::pair<float, float>>::TransmitData' requested here
  654 |   mInputSender.TransmitData(*this);
      |                ^
In file included from /Users/marte/Code/nam_holdsworth/NeuralAmpModelerPlugin/NeuralAmpModeler/NeuralAmpModeler.cpp:17:
In file included from /Users/marte/Code/nam_holdsworth/NeuralAmpModelerPlugin/NeuralAmpModeler/NeuralAmpModeler.h:27:
../../iPlug2/IPlug/ISender.h:42:17: note: explicitly cast the pointer to silence this warning
   42 |     memset(vals.data(), 0, sizeof(vals));
      |                 ^
      |            (void*)
../../iPlug2/IPlug/ISender.h:50:17: warning: first argument in call to 'memset' is a pointer to non-trivially copyable type 'value_type' (aka 'std::pair<float, float>') [-Wnontrivial-memcall]
   50 |     memset(vals.data(), 0, sizeof(vals));
      |                 ^
../../iPlug2/IPlug/ISender.h:297:53: note: in instantiation of member function 'iplug::ISenderData<1, std::pair<float, float>>::ISenderData' requested here
  297 |         ISenderData<MAXNC, std::pair<float, float>> d {ctrlTag, nChans, chanOffset};
      |                                                     ^
/Users/marte/Code/nam_holdsworth/NeuralAmpModelerPlugin/NeuralAmpModeler/NeuralAmpModeler.cpp:1486:16: note: in instantiation of member function 'iplug::IPeakAvgSender<>::ProcessBlock' requested here
 1486 |   mInputSender.ProcessBlock(inputPointer, (int)nFrames, kCtrlTagInputMeter, nChansHack);
      |                ^
In file included from /Users/marte/Code/nam_holdsworth/NeuralAmpModelerPlugin/NeuralAmpModeler/NeuralAmpModeler.cpp:17:
In file included from /Users/marte/Code/nam_holdsworth/NeuralAmpModelerPlugin/NeuralAmpModeler/NeuralAmpModeler.h:27:
../../iPlug2/IPlug/ISender.h:50:17: note: explicitly cast the pointer to silence this warning
   50 |     memset(vals.data(), 0, sizeof(vals));
      |                 ^
      |            (void*)
7 warnings generated.
note: Using codesigning identity override:
note: Run script build phase 'Run Script' will be run during every build because the option to run the script phase "Based on dependency analysis" is unchecked. (in target 'Update plists' from project 'NeuralAmpModeler-macOS')
note: Run script build phase 'Run Script - prepare_resources-mac.py' will be run during every build because the option to run the script phase "Based on dependency analysis" is unchecked. (in target 'VST3' from project 'NeuralAmpModeler-macOS')
